å‘½ä»¤ç¨¿å•Ÿå‹•æ–¼ 2018å¹´03æœˆ13æ—¥ ä¸Šåˆ 09:25:49
]0;~
[32mæ—é‡‘é›€@LAPTOP-7DJTLBAK [33m~[0m
$ wha[Koami;pwd
æ—é‡‘é›€
/home/æ—é‡‘é›€
]0;~
[32mæ—é‡‘é›€@LAPTOP-7DJTLBAK [33m~[0m
$ git con[Kg[Knfig -k[Kl
user.email=rabbit311162@gmail.com
user.name=Sapna1014
]0;~
[32mæ—é‡‘é›€@LAPTOP-7DJTLBAK [33m~[0m
$ git co[K[Kck[Klone httsp[K[Kps://gihub[K[K[Kthub.com/Sapan[K[Kna1014/lab1.b[Kgit[K[Kit
Cloning into 'lab1'...
Username for 'https://github.com': 
Password for 'https://@github.com': 
remote: Invalid username or password.
fatal: Authentication failed for 'https://github.com/Sapna1014/lab1.git/'

]0;~
[32mæ—é‡‘é›€@LAPTOP-7DJTLBAK [33m~[0m
$ 
]0;~
[32mæ—é‡‘é›€@LAPTOP-7DJTLBAK [33m~[0m
$ ^V[K^C
]0;~
[32mæ—é‡‘é›€@LAPTOP-7DJTLBAK [33m~[0m
$ git cloneo[K https://github.com.[K?[K/Sapm[Kna1014/lab1.git
Cloning into 'lab1'...
remote: Counting objects: 3, done.[K
remote: Total 3 (delta 0), reused 0 (delta 0), pack-reused 0[K
Unpacking objects:  33% (1/3)   Unpacking objects:  66% (2/3)   Unpacking objects: 100% (3/3)   Unpacking objects: 100% (3/3), done.
]0;~
[32mæ—é‡‘é›€@LAPTOP-7DJTLBAK [33m~[0m
$ exit

å‘½ä»¤ç¨¿å·²æ–¼ 2018å¹´03æœˆ13æ—¥ ä¸Šåˆ 09:34:58
 å®Œæˆ